// Jest Snapshot v1, https://goo.gl/fbAQLP

exports[`<Img /> render the Img component 1`] = `
<img
  alt="Placeholder"
  className=""
  src="https://placeholder.com/200/300"
/>
`;
