// Jest Snapshot v1, https://goo.gl/fbAQLP

exports[`<Text /> render the Text component 1`] = `
<span
  className="text-blue-600 text-sm font-sans"
>
  Hello World
</span>
`;
